CRITICAL - 2026-09-06 23:48:47 --> CodeIgniter\View\Exceptions\ViewException: Invalid file: "home/content/blog.php"
[Method: GET, Route: blog]
in SYSTEMPATH\Exceptions\FrameworkException.php on line 41.
 1 SYSTEMPATH\View\View.php(222): CodeIgniter\Exceptions\FrameworkException::forInvalidFile('home/content/blog.php')
 2 SYSTEMPATH\Common.php(1171): CodeIgniter\View\View->render('home/content/blog', [], true)
 3 APPPATH\Controllers\Blog.php(9): view('home/content/blog')
 4 SYSTEMPATH\CodeIgniter.php(933): App\Controllers\Blog->index()
 5 SYSTEMPATH\CodeIgniter.php(509): CodeIgniter\CodeIgniter->runController(Object(App\Controllers\Blog))
 6 SYSTEMPATH\CodeIgniter.php(355): CodeIgniter\CodeIgniter->handleRequest(null, Object(Config\Cache), false)
 7 SYSTEMPATH\Boot.php(325): CodeIgniter\CodeIgniter->run()
 8 SYSTEMPATH\Boot.php(67): CodeIgniter\Boot::runCodeIgniter(Object(CodeIgniter\CodeIgniter))
 9 FCPATH\index.php(56): CodeIgniter\Boot::bootWeb(Object(Config\Paths))
10 SYSTEMPATH\rewrite.php(44): require_once('C:\\Users\\suluh\\Documents\\GitHub\\sagara\\ci4\\public\\index.php')
CRITICAL - 2026-09-06 23:52:06 --> ErrorException: Declaration of CodeIgniter\I18n\Time::createFromTimestamp(int $timestamp, $timezone = null, ?string $locale = null) must be compatible with DateTimeImmutable::createFromTimestamp(int|float $timestamp): static
[Method: GET, Route: /]
in SYSTEMPATH\I18n\TimeTrait.php on line 268.
 1 [internal function]: CodeIgniter\Debug\Exceptions->shutdownHandler()
CRITICAL - 2026-09-06 23:52:08 --> Error: Class "App\Models\Content" not found
[Method: GET, Route: blog]
in APPPATH\Controllers\Blog.php on line 11.
 1 SYSTEMPATH\CodeIgniter.php(933): App\Controllers\Blog->index()
 2 SYSTEMPATH\CodeIgniter.php(509): CodeIgniter\CodeIgniter->runController(Object(App\Controllers\Blog))
 3 SYSTEMPATH\CodeIgniter.php(355): CodeIgniter\CodeIgniter->handleRequest(null, Object(Config\Cache), false)
 4 SYSTEMPATH\Boot.php(325): CodeIgniter\CodeIgniter->run()
 5 SYSTEMPATH\Boot.php(67): CodeIgniter\Boot::runCodeIgniter(Object(CodeIgniter\CodeIgniter))
 6 FCPATH\index.php(56): CodeIgniter\Boot::bootWeb(Object(Config\Paths))
 7 SYSTEMPATH\rewrite.php(44): require_once('C:\\Users\\suluh\\Documents\\GitHub\\sagara\\ci4\\public\\index.php')
CRITICAL - 2026-09-06 23:52:11 --> ErrorException: Declaration of CodeIgniter\I18n\Time::createFromTimestamp(int $timestamp, $timezone = null, ?string $locale = null) must be compatible with DateTimeImmutable::createFromTimestamp(int|float $timestamp): static
[Method: GET, Route: contact]
in SYSTEMPATH\I18n\TimeTrait.php on line 268.
 1 [internal function]: CodeIgniter\Debug\Exceptions->shutdownHandler()
CRITICAL - 2026-09-06 23:52:13 --> ErrorException: Declaration of CodeIgniter\I18n\Time::createFromTimestamp(int $timestamp, $timezone = null, ?string $locale = null) must be compatible with DateTimeImmutable::createFromTimestamp(int|float $timestamp): static
[Method: GET, Route: informations]
in SYSTEMPATH\I18n\TimeTrait.php on line 268.
 1 [internal function]: CodeIgniter\Debug\Exceptions->shutdownHandler()
CRITICAL - 2026-09-06 23:53:34 --> ErrorException: Declaration of CodeIgniter\I18n\Time::createFromTimestamp(int $timestamp, $timezone = null, ?string $locale = null) must be compatible with DateTimeImmutable::createFromTimestamp(int|float $timestamp): static
[Method: GET, Route: blog]
in SYSTEMPATH\I18n\TimeTrait.php on line 268.
 1 [internal function]: CodeIgniter\Debug\Exceptions->shutdownHandler()
CRITICAL - 2026-09-06 23:53:36 --> ErrorException: Declaration of CodeIgniter\I18n\Time::createFromTimestamp(int $timestamp, $timezone = null, ?string $locale = null) must be compatible with DateTimeImmutable::createFromTimestamp(int|float $timestamp): static
[Method: GET, Route: /]
in SYSTEMPATH\I18n\TimeTrait.php on line 268.
 1 [internal function]: CodeIgniter\Debug\Exceptions->shutdownHandler()
WARNING - 2026-09-06 23:54:24 --> [DEPRECATED] Return type of CodeIgniter\I18n\Time::createFromTimestamp(int|float $timestamp, $timezone = null, ?string $locale = null) should either be compatible with DateTimeImmutable::createFromTimestamp(int|float $timestamp): static, or the #[\ReturnTypeWillChange] attribute should be used to temporarily suppress the notice in SYSTEMPATH\I18n\TimeTrait.php on line 268.
 1 VENDORPATH\composer\ClassLoader.php(576): include('C:\\Users\\suluh\\Documents\\GitHub\\sagara\\ci4\\vendor\\codeigniter4\\framework\\system\\I18n\\Time.php')
 2 VENDORPATH\composer\ClassLoader.php(427): {closure:Composer\Autoload\ClassLoader::initializeIncludeClosure():575}('C:\\Users\\suluh\\Documents\\GitHub\\sagara\\ci4\\vendor\\composer/../codeigniter4/framework/system/I18n/Time.php')
 3 SYSTEMPATH\Debug\Toolbar.php(401): Composer\Autoload\ClassLoader->loadClass('CodeIgniter\\I18n\\Time')
 4 SYSTEMPATH\Filters\DebugToolbar.php(43): CodeIgniter\Debug\Toolbar->prepare(Object(CodeIgniter\HTTP\IncomingRequest), Object(CodeIgniter\HTTP\Response))
 5 SYSTEMPATH\Filters\Filters.php(241): CodeIgniter\Filters\DebugToolbar->after(Object(CodeIgniter\HTTP\IncomingRequest), Object(CodeIgniter\HTTP\Response), null)
 6 SYSTEMPATH\Filters\Filters.php(291): CodeIgniter\Filters\Filters->runAfter([...])
 7 SYSTEMPATH\CodeIgniter.php(409): CodeIgniter\Filters\Filters->runRequired('after')
 8 SYSTEMPATH\CodeIgniter.php(372): CodeIgniter\CodeIgniter->runRequiredAfterFilters(Object(CodeIgniter\Filters\Filters))
 9 SYSTEMPATH\Boot.php(325): CodeIgniter\CodeIgniter->run()
10 SYSTEMPATH\Boot.php(67): CodeIgniter\Boot::runCodeIgniter(Object(CodeIgniter\CodeIgniter))
11 FCPATH\index.php(56): CodeIgniter\Boot::bootWeb(Object(Config\Paths))
12 SYSTEMPATH\rewrite.php(44): require_once('C:\\Users\\suluh\\Documents\\GitHub\\sagara\\ci4\\public\\index.php')
WARNING - 2026-09-06 23:54:24 --> [DEPRECATED] Kint\Parser\Parser::__construct(): Implicitly marking parameter $caller as nullable is deprecated, the explicit nullable type must be used instead in SYSTEMPATH\ThirdParty\Kint\Parser\Parser.php on line 75.
 1 SYSTEMPATH\Autoloader\Autoloader.php(520): require_once('C:\\Users\\suluh\\Documents\\GitHub\\sagara\\ci4\\vendor\\codeigniter4\\framework\\system\\Debug\\Exceptions.php')
 2 SYSTEMPATH\ThirdParty\Kint\Kint.php(345): CodeIgniter\Autoloader\Autoloader->{closure:CodeIgniter\Autoloader\Autoloader::autoloadKint():510}([...])
 3 SYSTEMPATH\ThirdParty\Kint\Kint.php(560): Kint\Kint::createFromStatics([...])
 4 SYSTEMPATH\Debug\Toolbar.php(423): Kint\Kint::dump('')
 5 SYSTEMPATH\Filters\DebugToolbar.php(43): CodeIgniter\Debug\Toolbar->prepare(Object(CodeIgniter\HTTP\IncomingRequest), Object(CodeIgniter\HTTP\Response))
 6 SYSTEMPATH\Filters\Filters.php(241): CodeIgniter\Filters\DebugToolbar->after(Object(CodeIgniter\HTTP\IncomingRequest), Object(CodeIgniter\HTTP\Response), null)
 7 SYSTEMPATH\Filters\Filters.php(291): CodeIgniter\Filters\Filters->runAfter([...])
 8 SYSTEMPATH\CodeIgniter.php(409): CodeIgniter\Filters\Filters->runRequired('after')
 9 SYSTEMPATH\CodeIgniter.php(372): CodeIgniter\CodeIgniter->runRequiredAfterFilters(Object(CodeIgniter\Filters\Filters))
10 SYSTEMPATH\Boot.php(325): CodeIgniter\CodeIgniter->run()
11 SYSTEMPATH\Boot.php(67): CodeIgniter\Boot::runCodeIgniter(Object(CodeIgniter\CodeIgniter))
12 FCPATH\index.php(56): CodeIgniter\Boot::bootWeb(Object(Config\Paths))
13 SYSTEMPATH\rewrite.php(44): require_once('C:\\Users\\suluh\\Documents\\GitHub\\sagara\\ci4\\public\\index.php')
WARNING - 2026-09-06 23:54:24 --> [DEPRECATED] Kint\Parser\Parser::setCallerClass(): Implicitly marking parameter $caller as nullable is deprecated, the explicit nullable type must be used instead in SYSTEMPATH\ThirdParty\Kint\Parser\Parser.php on line 86.
 1 SYSTEMPATH\Autoloader\Autoloader.php(520): require_once('C:\\Users\\suluh\\Documents\\GitHub\\sagara\\ci4\\vendor\\codeigniter4\\framework\\system\\Debug\\Exceptions.php')
 2 SYSTEMPATH\ThirdParty\Kint\Kint.php(345): CodeIgniter\Autoloader\Autoloader->{closure:CodeIgniter\Autoloader\Autoloader::autoloadKint():510}([...])
 3 SYSTEMPATH\ThirdParty\Kint\Kint.php(560): Kint\Kint::createFromStatics([...])
 4 SYSTEMPATH\Debug\Toolbar.php(423): Kint\Kint::dump('')
 5 SYSTEMPATH\Filters\DebugToolbar.php(43): CodeIgniter\Debug\Toolbar->prepare(Object(CodeIgniter\HTTP\IncomingRequest), Object(CodeIgniter\HTTP\Response))
 6 SYSTEMPATH\Filters\Filters.php(241): CodeIgniter\Filters\DebugToolbar->after(Object(CodeIgniter\HTTP\IncomingRequest), Object(CodeIgniter\HTTP\Response), null)
 7 SYSTEMPATH\Filters\Filters.php(291): CodeIgniter\Filters\Filters->runAfter([...])
 8 SYSTEMPATH\CodeIgniter.php(409): CodeIgniter\Filters\Filters->runRequired('after')
 9 SYSTEMPATH\CodeIgniter.php(372): CodeIgniter\CodeIgniter->runRequiredAfterFilters(Object(CodeIgniter\Filters\Filters))
10 SYSTEMPATH\Boot.php(325): CodeIgniter\CodeIgniter->run()
11 SYSTEMPATH\Boot.php(67): CodeIgniter\Boot::runCodeIgniter(Object(CodeIgniter\CodeIgniter))
12 FCPATH\index.php(56): CodeIgniter\Boot::bootWeb(Object(Config\Paths))
13 SYSTEMPATH\rewrite.php(44): require_once('C:\\Users\\suluh\\Documents\\GitHub\\sagara\\ci4\\public\\index.php')
WARNING - 2026-09-06 23:54:24 --> [DEPRECATED] Kint\Zval\Value::addRepresentation(): Implicitly marking parameter $pos as nullable is deprecated, the explicit nullable type must be used instead in SYSTEMPATH\ThirdParty\Kint\Zval\Value.php on line 65.
 1 SYSTEMPATH\Autoloader\Autoloader.php(520): require_once('C:\\Users\\suluh\\Documents\\GitHub\\sagara\\ci4\\vendor\\codeigniter4\\framework\\system\\Debug\\Exceptions.php')
 2 SYSTEMPATH\ThirdParty\Kint\Kint.php(398): CodeIgniter\Autoloader\Autoloader->{closure:CodeIgniter\Autoloader\Autoloader::autoloadKint():510}([...])
 3 SYSTEMPATH\ThirdParty\Kint\Kint.php(574): Kint\Kint::getBasesFromParamInfo([...], 1)
 4 SYSTEMPATH\Debug\Toolbar.php(423): Kint\Kint::dump('')
 5 SYSTEMPATH\Filters\DebugToolbar.php(43): CodeIgniter\Debug\Toolbar->prepare(Object(CodeIgniter\HTTP\IncomingRequest), Object(CodeIgniter\HTTP\Response))
 6 SYSTEMPATH\Filters\Filters.php(241): CodeIgniter\Filters\DebugToolbar->after(Object(CodeIgniter\HTTP\IncomingRequest), Object(CodeIgniter\HTTP\Response), null)
 7 SYSTEMPATH\Filters\Filters.php(291): CodeIgniter\Filters\Filters->runAfter([...])
 8 SYSTEMPATH\CodeIgniter.php(409): CodeIgniter\Filters\Filters->runRequired('after')
 9 SYSTEMPATH\CodeIgniter.php(372): CodeIgniter\CodeIgniter->runRequiredAfterFilters(Object(CodeIgniter\Filters\Filters))
10 SYSTEMPATH\Boot.php(325): CodeIgniter\CodeIgniter->run()
11 SYSTEMPATH\Boot.php(67): CodeIgniter\Boot::runCodeIgniter(Object(CodeIgniter\CodeIgniter))
12 FCPATH\index.php(56): CodeIgniter\Boot::bootWeb(Object(Config\Paths))
13 SYSTEMPATH\rewrite.php(44): require_once('C:\\Users\\suluh\\Documents\\GitHub\\sagara\\ci4\\public\\index.php')
WARNING - 2026-09-06 23:54:24 --> [DEPRECATED] Kint\Zval\Value::replaceRepresentation(): Implicitly marking parameter $pos as nullable is deprecated, the explicit nullable type must be used instead in SYSTEMPATH\ThirdParty\Kint\Zval\Value.php on line 84.
 1 SYSTEMPATH\Autoloader\Autoloader.php(520): require_once('C:\\Users\\suluh\\Documents\\GitHub\\sagara\\ci4\\vendor\\codeigniter4\\framework\\system\\Debug\\Exceptions.php')
 2 SYSTEMPATH\ThirdParty\Kint\Kint.php(398): CodeIgniter\Autoloader\Autoloader->{closure:CodeIgniter\Autoloader\Autoloader::autoloadKint():510}([...])
 3 SYSTEMPATH\ThirdParty\Kint\Kint.php(574): Kint\Kint::getBasesFromParamInfo([...], 1)
 4 SYSTEMPATH\Debug\Toolbar.php(423): Kint\Kint::dump('')
 5 SYSTEMPATH\Filters\DebugToolbar.php(43): CodeIgniter\Debug\Toolbar->prepare(Object(CodeIgniter\HTTP\IncomingRequest), Object(CodeIgniter\HTTP\Response))
 6 SYSTEMPATH\Filters\Filters.php(241): CodeIgniter\Filters\DebugToolbar->after(Object(CodeIgniter\HTTP\IncomingRequest), Object(CodeIgniter\HTTP\Response), null)
 7 SYSTEMPATH\Filters\Filters.php(291): CodeIgniter\Filters\Filters->runAfter([...])
 8 SYSTEMPATH\CodeIgniter.php(409): CodeIgniter\Filters\Filters->runRequired('after')
 9 SYSTEMPATH\CodeIgniter.php(372): CodeIgniter\CodeIgniter->runRequiredAfterFilters(Object(CodeIgniter\Filters\Filters))
10 SYSTEMPATH\Boot.php(325): CodeIgniter\CodeIgniter->run()
11 SYSTEMPATH\Boot.php(67): CodeIgniter\Boot::runCodeIgniter(Object(CodeIgniter\CodeIgniter))
12 FCPATH\index.php(56): CodeIgniter\Boot::bootWeb(Object(Config\Paths))
13 SYSTEMPATH\rewrite.php(44): require_once('C:\\Users\\suluh\\Documents\\GitHub\\sagara\\ci4\\public\\index.php')
WARNING - 2026-09-06 23:54:24 --> [DEPRECATED] Kint\Zval\Value::blank(): Implicitly marking parameter $name as nullable is deprecated, the explicit nullable type must be used instead in SYSTEMPATH\ThirdParty\Kint\Zval\Value.php on line 237.
 1 SYSTEMPATH\Autoloader\Autoloader.php(520): require_once('C:\\Users\\suluh\\Documents\\GitHub\\sagara\\ci4\\vendor\\codeigniter4\\framework\\system\\Debug\\Exceptions.php')
 2 SYSTEMPATH\ThirdParty\Kint\Kint.php(398): CodeIgniter\Autoloader\Autoloader->{closure:CodeIgniter\Autoloader\Autoloader::autoloadKint():510}([...])
 3 SYSTEMPATH\ThirdParty\Kint\Kint.php(574): Kint\Kint::getBasesFromParamInfo([...], 1)
 4 SYSTEMPATH\Debug\Toolbar.php(423): Kint\Kint::dump('')
 5 SYSTEMPATH\Filters\DebugToolbar.php(43): CodeIgniter\Debug\Toolbar->prepare(Object(CodeIgniter\HTTP\IncomingRequest), Object(CodeIgniter\HTTP\Response))
 6 SYSTEMPATH\Filters\Filters.php(241): CodeIgniter\Filters\DebugToolbar->after(Object(CodeIgniter\HTTP\IncomingRequest), Object(CodeIgniter\HTTP\Response), null)
 7 SYSTEMPATH\Filters\Filters.php(291): CodeIgniter\Filters\Filters->runAfter([...])
 8 SYSTEMPATH\CodeIgniter.php(409): CodeIgniter\Filters\Filters->runRequired('after')
 9 SYSTEMPATH\CodeIgniter.php(372): CodeIgniter\CodeIgniter->runRequiredAfterFilters(Object(CodeIgniter\Filters\Filters))
10 SYSTEMPATH\Boot.php(325): CodeIgniter\CodeIgniter->run()
11 SYSTEMPATH\Boot.php(67): CodeIgniter\Boot::runCodeIgniter(Object(CodeIgniter\CodeIgniter))
12 FCPATH\index.php(56): CodeIgniter\Boot::bootWeb(Object(Config\Paths))
13 SYSTEMPATH\rewrite.php(44): require_once('C:\\Users\\suluh\\Documents\\GitHub\\sagara\\ci4\\public\\index.php')
WARNING - 2026-09-06 23:54:24 --> [DEPRECATED] Kint\Zval\Value::blank(): Implicitly marking parameter $access_path as nullable is deprecated, the explicit nullable type must be used instead in SYSTEMPATH\ThirdParty\Kint\Zval\Value.php on line 237.
 1 SYSTEMPATH\Autoloader\Autoloader.php(520): require_once('C:\\Users\\suluh\\Documents\\GitHub\\sagara\\ci4\\vendor\\codeigniter4\\framework\\system\\Debug\\Exceptions.php')
 2 SYSTEMPATH\ThirdParty\Kint\Kint.php(398): CodeIgniter\Autoloader\Autoloader->{closure:CodeIgniter\Autoloader\Autoloader::autoloadKint():510}([...])
 3 SYSTEMPATH\ThirdParty\Kint\Kint.php(574): Kint\Kint::getBasesFromParamInfo([...], 1)
 4 SYSTEMPATH\Debug\Toolbar.php(423): Kint\Kint::dump('')
 5 SYSTEMPATH\Filters\DebugToolbar.php(43): CodeIgniter\Debug\Toolbar->prepare(Object(CodeIgniter\HTTP\IncomingRequest), Object(CodeIgniter\HTTP\Response))
 6 SYSTEMPATH\Filters\Filters.php(241): CodeIgniter\Filters\DebugToolbar->after(Object(CodeIgniter\HTTP\IncomingRequest), Object(CodeIgniter\HTTP\Response), null)
 7 SYSTEMPATH\Filters\Filters.php(291): CodeIgniter\Filters\Filters->runAfter([...])
 8 SYSTEMPATH\CodeIgniter.php(409): CodeIgniter\Filters\Filters->runRequired('after')
 9 SYSTEMPATH\CodeIgniter.php(372): CodeIgniter\CodeIgniter->runRequiredAfterFilters(Object(CodeIgniter\Filters\Filters))
10 SYSTEMPATH\Boot.php(325): CodeIgniter\CodeIgniter->run()
11 SYSTEMPATH\Boot.php(67): CodeIgniter\Boot::runCodeIgniter(Object(CodeIgniter\CodeIgniter))
12 FCPATH\index.php(56): CodeIgniter\Boot::bootWeb(Object(Config\Paths))
13 SYSTEMPATH\rewrite.php(44): require_once('C:\\Users\\suluh\\Documents\\GitHub\\sagara\\ci4\\public\\index.php')
WARNING - 2026-09-06 23:54:24 --> [DEPRECATED] Kint\Zval\BlobValue::substr(): Implicitly marking parameter $length as nullable is deprecated, the explicit nullable type must be used instead in SYSTEMPATH\ThirdParty\Kint\Zval\BlobValue.php on line 144.
 1 SYSTEMPATH\Autoloader\Autoloader.php(520): require_once('C:\\Users\\suluh\\Documents\\GitHub\\sagara\\ci4\\vendor\\codeigniter4\\framework\\system\\Debug\\Exceptions.php')
 2 SYSTEMPATH\ThirdParty\Kint\Parser\Parser.php(285): CodeIgniter\Autoloader\Autoloader->{closure:CodeIgniter\Autoloader\Autoloader::autoloadKint():510}([...])
 3 SYSTEMPATH\ThirdParty\Kint\Parser\Parser.php(142): Kint\Parser\Parser->parseString('', Object(Kint\Zval\Value))
 4 SYSTEMPATH\ThirdParty\Kint\Kint.php(285): Kint\Parser\Parser->parse('', Object(Kint\Zval\Value))
 5 SYSTEMPATH\ThirdParty\Kint\Kint.php(268): Kint\Kint->dumpVar('', Object(Kint\Zval\Value))
 6 SYSTEMPATH\ThirdParty\Kint\Kint.php(575): Kint\Kint->dumpAll([...], [...])
 7 SYSTEMPATH\Debug\Toolbar.php(423): Kint\Kint::dump('')
 8 SYSTEMPATH\Filters\DebugToolbar.php(43): CodeIgniter\Debug\Toolbar->prepare(Object(CodeIgniter\HTTP\IncomingRequest), Object(CodeIgniter\HTTP\Response))
 9 SYSTEMPATH\Filters\Filters.php(241): CodeIgniter\Filters\DebugToolbar->after(Object(CodeIgniter\HTTP\IncomingRequest), Object(CodeIgniter\HTTP\Response), null)
10 SYSTEMPATH\Filters\Filters.php(291): CodeIgniter\Filters\Filters->runAfter([...])
11 SYSTEMPATH\CodeIgniter.php(409): CodeIgniter\Filters\Filters->runRequired('after')
12 SYSTEMPATH\CodeIgniter.php(372): CodeIgniter\CodeIgniter->runRequiredAfterFilters(Object(CodeIgniter\Filters\Filters))
13 SYSTEMPATH\Boot.php(325): CodeIgniter\CodeIgniter->run()
14 SYSTEMPATH\Boot.php(67): CodeIgniter\Boot::runCodeIgniter(Object(CodeIgniter\CodeIgniter))
15 FCPATH\index.php(56): CodeIgniter\Boot::bootWeb(Object(Config\Paths))
16 SYSTEMPATH\rewrite.php(44): require_once('C:\\Users\\suluh\\Documents\\GitHub\\sagara\\ci4\\public\\index.php')
WARNING - 2026-09-06 23:54:24 --> [DEPRECATED] Kint\Zval\Representation\Representation::__construct(): Implicitly marking parameter $name as nullable is deprecated, the explicit nullable type must be used instead in SYSTEMPATH\ThirdParty\Kint\Zval\Representation\Representation.php on line 39.
 1 SYSTEMPATH\Autoloader\Autoloader.php(520): require_once('C:\\Users\\suluh\\Documents\\GitHub\\sagara\\ci4\\vendor\\codeigniter4\\framework\\system\\Debug\\Exceptions.php')
 2 SYSTEMPATH\ThirdParty\Kint\Parser\Parser.php(290): CodeIgniter\Autoloader\Autoloader->{closure:CodeIgniter\Autoloader\Autoloader::autoloadKint():510}([...])
 3 SYSTEMPATH\ThirdParty\Kint\Parser\Parser.php(142): Kint\Parser\Parser->parseString('', Object(Kint\Zval\Value))
 4 SYSTEMPATH\ThirdParty\Kint\Kint.php(285): Kint\Parser\Parser->parse('', Object(Kint\Zval\Value))
 5 SYSTEMPATH\ThirdParty\Kint\Kint.php(268): Kint\Kint->dumpVar('', Object(Kint\Zval\Value))
 6 SYSTEMPATH\ThirdParty\Kint\Kint.php(575): Kint\Kint->dumpAll([...], [...])
 7 SYSTEMPATH\Debug\Toolbar.php(423): Kint\Kint::dump('')
 8 SYSTEMPATH\Filters\DebugToolbar.php(43): CodeIgniter\Debug\Toolbar->prepare(Object(CodeIgniter\HTTP\IncomingRequest), Object(CodeIgniter\HTTP\Response))
 9 SYSTEMPATH\Filters\Filters.php(241): CodeIgniter\Filters\DebugToolbar->after(Object(CodeIgniter\HTTP\IncomingRequest), Object(CodeIgniter\HTTP\Response), null)
10 SYSTEMPATH\Filters\Filters.php(291): CodeIgniter\Filters\Filters->runAfter([...])
11 SYSTEMPATH\CodeIgniter.php(409): CodeIgniter\Filters\Filters->runRequired('after')
12 SYSTEMPATH\CodeIgniter.php(372): CodeIgniter\CodeIgniter->runRequiredAfterFilters(Object(CodeIgniter\Filters\Filters))
13 SYSTEMPATH\Boot.php(325): CodeIgniter\CodeIgniter->run()
14 SYSTEMPATH\Boot.php(67): CodeIgniter\Boot::runCodeIgniter(Object(CodeIgniter\CodeIgniter))
15 FCPATH\index.php(56): CodeIgniter\Boot::bootWeb(Object(Config\Paths))
16 SYSTEMPATH\rewrite.php(44): require_once('C:\\Users\\suluh\\Documents\\GitHub\\sagara\\ci4\\public\\index.php')
WARNING - 2026-09-06 23:54:24 --> [DEPRECATED] Kint\Zval\Representation\ColorRepresentation::getColor(): Implicitly marking parameter $variant as nullable is deprecated, the explicit nullable type must be used instead in SYSTEMPATH\ThirdParty\Kint\Zval\Representation\ColorRepresentation.php on line 214.
 1 SYSTEMPATH\Autoloader\Autoloader.php(520): require_once('C:\\Users\\suluh\\Documents\\GitHub\\sagara\\ci4\\vendor\\codeigniter4\\framework\\system\\Debug\\Exceptions.php')
 2 SYSTEMPATH\ThirdParty\Kint\Parser\ColorPlugin.php(53): CodeIgniter\Autoloader\Autoloader->{closure:CodeIgniter\Autoloader\Autoloader::autoloadKint():510}([...])
 3 SYSTEMPATH\ThirdParty\Kint\Parser\Parser.php(636): Kint\Parser\ColorPlugin->parse('', Object(Kint\Zval\BlobValue), 2)
 4 SYSTEMPATH\ThirdParty\Kint\Parser\Parser.php(297): Kint\Parser\Parser->applyPlugins('', Object(Kint\Zval\BlobValue), 2)
 5 SYSTEMPATH\ThirdParty\Kint\Parser\Parser.php(142): Kint\Parser\Parser->parseString('', Object(Kint\Zval\Value))
 6 SYSTEMPATH\ThirdParty\Kint\Kint.php(285): Kint\Parser\Parser->parse('', Object(Kint\Zval\Value))
 7 SYSTEMPATH\ThirdParty\Kint\Kint.php(268): Kint\Kint->dumpVar('', Object(Kint\Zval\Value))
 8 SYSTEMPATH\ThirdParty\Kint\Kint.php(575): Kint\Kint->dumpAll([...], [...])
 9 SYSTEMPATH\Debug\Toolbar.php(423): Kint\Kint::dump('')
10 SYSTEMPATH\Filters\DebugToolbar.php(43): CodeIgniter\Debug\Toolbar->prepare(Object(CodeIgniter\HTTP\IncomingRequest), Object(CodeIgniter\HTTP\Response))
11 SYSTEMPATH\Filters\Filters.php(241): CodeIgniter\Filters\DebugToolbar->after(Object(CodeIgniter\HTTP\IncomingRequest), Object(CodeIgniter\HTTP\Response), null)
12 SYSTEMPATH\Filters\Filters.php(291): CodeIgniter\Filters\Filters->runAfter([...])
13 SYSTEMPATH\CodeIgniter.php(409): CodeIgniter\Filters\Filters->runRequired('after')
14 SYSTEMPATH\CodeIgniter.php(372): CodeIgniter\CodeIgniter->runRequiredAfterFilters(Object(CodeIgniter\Filters\Filters))
15 SYSTEMPATH\Boot.php(325): CodeIgniter\CodeIgniter->run()
16 SYSTEMPATH\Boot.php(67): CodeIgniter\Boot::runCodeIgniter(Object(CodeIgniter\CodeIgniter))
17 FCPATH\index.php(56): CodeIgniter\Boot::bootWeb(Object(Config\Paths))
18 SYSTEMPATH\rewrite.php(44): require_once('C:\\Users\\suluh\\Documents\\GitHub\\sagara\\ci4\\public\\index.php')
WARNING - 2026-09-06 23:54:24 --> [DEPRECATED] Kint\Zval\Representation\ColorRepresentation::hasAlpha(): Implicitly marking parameter $variant as nullable is deprecated, the explicit nullable type must be used instead in SYSTEMPATH\ThirdParty\Kint\Zval\Representation\ColorRepresentation.php on line 278.
 1 SYSTEMPATH\Autoloader\Autoloader.php(520): require_once('C:\\Users\\suluh\\Documents\\GitHub\\sagara\\ci4\\vendor\\codeigniter4\\framework\\system\\Debug\\Exceptions.php')
 2 SYSTEMPATH\ThirdParty\Kint\Parser\ColorPlugin.php(53): CodeIgniter\Autoloader\Autoloader->{closure:CodeIgniter\Autoloader\Autoloader::autoloadKint():510}([...])
 3 SYSTEMPATH\ThirdParty\Kint\Parser\Parser.php(636): Kint\Parser\ColorPlugin->parse('', Object(Kint\Zval\BlobValue), 2)
 4 SYSTEMPATH\ThirdParty\Kint\Parser\Parser.php(297): Kint\Parser\Parser->applyPlugins('', Object(Kint\Zval\BlobValue), 2)
 5 SYSTEMPATH\ThirdParty\Kint\Parser\Parser.php(142): Kint\Parser\Parser->parseString('', Object(Kint\Zval\Value))
 6 SYSTEMPATH\ThirdParty\Kint\Kint.php(285): Kint\Parser\Parser->parse('', Object(Kint\Zval\Value))
 7 SYSTEMPATH\ThirdParty\Kint\Kint.php(268): Kint\Kint->dumpVar('', Object(Kint\Zval\Value))
 8 SYSTEMPATH\ThirdParty\Kint\Kint.php(575): Kint\Kint->dumpAll([...], [...])
 9 SYSTEMPATH\Debug\Toolbar.php(423): Kint\Kint::dump('')
10 SYSTEMPATH\Filters\DebugToolbar.php(43): CodeIgniter\Debug\Toolbar->prepare(Object(CodeIgniter\HTTP\IncomingRequest), Object(CodeIgniter\HTTP\Response))
11 SYSTEMPATH\Filters\Filters.php(241): CodeIgniter\Filters\DebugToolbar->after(Object(CodeIgniter\HTTP\IncomingRequest), Object(CodeIgniter\HTTP\Response), null)
12 SYSTEMPATH\Filters\Filters.php(291): CodeIgniter\Filters\Filters->runAfter([...])
13 SYSTEMPATH\CodeIgniter.php(409): CodeIgniter\Filters\Filters->runRequired('after')
14 SYSTEMPATH\CodeIgniter.php(372): CodeIgniter\CodeIgniter->runRequiredAfterFilters(Object(CodeIgniter\Filters\Filters))
15 SYSTEMPATH\Boot.php(325): CodeIgniter\CodeIgniter->run()
16 SYSTEMPATH\Boot.php(67): CodeIgniter\Boot::runCodeIgniter(Object(CodeIgniter\CodeIgniter))
17 FCPATH\index.php(56): CodeIgniter\Boot::bootWeb(Object(Config\Paths))
18 SYSTEMPATH\rewrite.php(44): require_once('C:\\Users\\suluh\\Documents\\GitHub\\sagara\\ci4\\public\\index.php')
WARNING - 2026-09-06 23:54:26 --> [DEPRECATED] Return type of CodeIgniter\I18n\Time::createFromTimestamp(int|float $timestamp, $timezone = null, ?string $locale = null) should either be compatible with DateTimeImmutable::createFromTimestamp(int|float $timestamp): static, or the #[\ReturnTypeWillChange] attribute should be used to temporarily suppress the notice in SYSTEMPATH\I18n\TimeTrait.php on line 268.
 1 VENDORPATH\composer\ClassLoader.php(576): include('C:\\Users\\suluh\\Documents\\GitHub\\sagara\\ci4\\vendor\\codeigniter4\\framework\\system\\I18n\\Time.php')
 2 VENDORPATH\composer\ClassLoader.php(427): {closure:Composer\Autoload\ClassLoader::initializeIncludeClosure():575}('C:\\Users\\suluh\\Documents\\GitHub\\sagara\\ci4\\vendor\\composer/../codeigniter4/framework/system/I18n/Time.php')
 3 SYSTEMPATH\Debug\Toolbar\Collectors\Database.php(196): Composer\Autoload\ClassLoader->loadClass('CodeIgniter\\I18n\\Time')
 4 [internal function]: CodeIgniter\Debug\Toolbar\Collectors\Database::{closure:CodeIgniter\Debug\Toolbar\Collectors\Database::display():151}([...])
 5 SYSTEMPATH\Debug\Toolbar\Collectors\Database.php(151): array_map(Object(Closure), [...])
 6 SYSTEMPATH\Debug\Toolbar\Collectors\BaseCollector.php(228): CodeIgniter\Debug\Toolbar\Collectors\Database->display()
 7 SYSTEMPATH\Debug\Toolbar.php(96): CodeIgniter\Debug\Toolbar\Collectors\BaseCollector->getAsArray()
 8 SYSTEMPATH\Debug\Toolbar.php(391): CodeIgniter\Debug\Toolbar->run(1788713666.667795, 0.0169, Object(CodeIgniter\HTTP\IncomingRequest), Object(CodeIgniter\HTTP\Response))
 9 SYSTEMPATH\Filters\DebugToolbar.php(43): CodeIgniter\Debug\Toolbar->prepare(Object(CodeIgniter\HTTP\IncomingRequest), Object(CodeIgniter\HTTP\Response))
10 SYSTEMPATH\Filters\Filters.php(241): CodeIgniter\Filters\DebugToolbar->after(Object(CodeIgniter\HTTP\IncomingRequest), Object(CodeIgniter\HTTP\Response), null)
11 SYSTEMPATH\Filters\Filters.php(291): CodeIgniter\Filters\Filters->runAfter([...])
12 SYSTEMPATH\CodeIgniter.php(409): CodeIgniter\Filters\Filters->runRequired('after')
13 SYSTEMPATH\CodeIgniter.php(372): CodeIgniter\CodeIgniter->runRequiredAfterFilters(Object(CodeIgniter\Filters\Filters))
14 SYSTEMPATH\Boot.php(325): CodeIgniter\CodeIgniter->run()
15 SYSTEMPATH\Boot.php(67): CodeIgniter\Boot::runCodeIgniter(Object(CodeIgniter\CodeIgniter))
16 FCPATH\index.php(56): CodeIgniter\Boot::bootWeb(Object(Config\Paths))
17 SYSTEMPATH\rewrite.php(44): require_once('C:\\Users\\suluh\\Documents\\GitHub\\sagara\\ci4\\public\\index.php')
WARNING - 2026-09-06 23:54:28 --> [DEPRECATED] Return type of CodeIgniter\I18n\Time::createFromTimestamp(int|float $timestamp, $timezone = null, ?string $locale = null) should either be compatible with DateTimeImmutable::createFromTimestamp(int|float $timestamp): static, or the #[\ReturnTypeWillChange] attribute should be used to temporarily suppress the notice in SYSTEMPATH\I18n\TimeTrait.php on line 268.
 1 VENDORPATH\composer\ClassLoader.php(576): include('C:\\Users\\suluh\\Documents\\GitHub\\sagara\\ci4\\vendor\\codeigniter4\\framework\\system\\I18n\\Time.php')
 2 VENDORPATH\composer\ClassLoader.php(427): {closure:Composer\Autoload\ClassLoader::initializeIncludeClosure():575}('C:\\Users\\suluh\\Documents\\GitHub\\sagara\\ci4\\vendor\\composer/../codeigniter4/framework/system/I18n/Time.php')
 3 SYSTEMPATH\Debug\Toolbar.php(401): Composer\Autoload\ClassLoader->loadClass('CodeIgniter\\I18n\\Time')
 4 SYSTEMPATH\Filters\DebugToolbar.php(43): CodeIgniter\Debug\Toolbar->prepare(Object(CodeIgniter\HTTP\IncomingRequest), Object(CodeIgniter\HTTP\Response))
 5 SYSTEMPATH\Filters\Filters.php(241): CodeIgniter\Filters\DebugToolbar->after(Object(CodeIgniter\HTTP\IncomingRequest), Object(CodeIgniter\HTTP\Response), null)
 6 SYSTEMPATH\Filters\Filters.php(291): CodeIgniter\Filters\Filters->runAfter([...])
 7 SYSTEMPATH\CodeIgniter.php(409): CodeIgniter\Filters\Filters->runRequired('after')
 8 SYSTEMPATH\CodeIgniter.php(372): CodeIgniter\CodeIgniter->runRequiredAfterFilters(Object(CodeIgniter\Filters\Filters))
 9 SYSTEMPATH\Boot.php(325): CodeIgniter\CodeIgniter->run()
10 SYSTEMPATH\Boot.php(67): CodeIgniter\Boot::runCodeIgniter(Object(CodeIgniter\CodeIgniter))
11 FCPATH\index.php(56): CodeIgniter\Boot::bootWeb(Object(Config\Paths))
12 SYSTEMPATH\rewrite.php(44): require_once('C:\\Users\\suluh\\Documents\\GitHub\\sagara\\ci4\\public\\index.php')
WARNING - 2026-09-06 23:54:31 --> [DEPRECATED] Return type of CodeIgniter\I18n\Time::createFromTimestamp(int|float $timestamp, $timezone = null, ?string $locale = null) should either be compatible with DateTimeImmutable::createFromTimestamp(int|float $timestamp): static, or the #[\ReturnTypeWillChange] attribute should be used to temporarily suppress the notice in SYSTEMPATH\I18n\TimeTrait.php on line 268.
 1 VENDORPATH\composer\ClassLoader.php(576): include('C:\\Users\\suluh\\Documents\\GitHub\\sagara\\ci4\\vendor\\codeigniter4\\framework\\system\\I18n\\Time.php')
 2 VENDORPATH\composer\ClassLoader.php(427): {closure:Composer\Autoload\ClassLoader::initializeIncludeClosure():575}('C:\\Users\\suluh\\Documents\\GitHub\\sagara\\ci4\\vendor\\composer/../codeigniter4/framework/system/I18n/Time.php')
 3 SYSTEMPATH\Debug\Toolbar.php(401): Composer\Autoload\ClassLoader->loadClass('CodeIgniter\\I18n\\Time')
 4 SYSTEMPATH\Filters\DebugToolbar.php(43): CodeIgniter\Debug\Toolbar->prepare(Object(CodeIgniter\HTTP\IncomingRequest), Object(CodeIgniter\HTTP\Response))
 5 SYSTEMPATH\Filters\Filters.php(241): CodeIgniter\Filters\DebugToolbar->after(Object(CodeIgniter\HTTP\IncomingRequest), Object(CodeIgniter\HTTP\Response), null)
 6 SYSTEMPATH\Filters\Filters.php(291): CodeIgniter\Filters\Filters->runAfter([...])
 7 SYSTEMPATH\CodeIgniter.php(409): CodeIgniter\Filters\Filters->runRequired('after')
 8 SYSTEMPATH\CodeIgniter.php(372): CodeIgniter\CodeIgniter->runRequiredAfterFilters(Object(CodeIgniter\Filters\Filters))
 9 SYSTEMPATH\Boot.php(325): CodeIgniter\CodeIgniter->run()
10 SYSTEMPATH\Boot.php(67): CodeIgniter\Boot::runCodeIgniter(Object(CodeIgniter\CodeIgniter))
11 FCPATH\index.php(56): CodeIgniter\Boot::bootWeb(Object(Config\Paths))
12 SYSTEMPATH\rewrite.php(44): require_once('C:\\Users\\suluh\\Documents\\GitHub\\sagara\\ci4\\public\\index.php')
WARNING - 2026-09-06 23:54:42 --> [DEPRECATED] ini_set(): session.sid_length INI setting is deprecated in SYSTEMPATH\Session\Handlers\FileHandler.php on line 321.
 1 SYSTEMPATH\Session\Handlers\FileHandler.php(321): ini_set('session.sid_length', '40')
 2 SYSTEMPATH\Session\Handlers\FileHandler.php(85): CodeIgniter\Session\Handlers\FileHandler->configureSessionIDRegex()
 3 SYSTEMPATH\Config\Services.php(697): CodeIgniter\Session\Handlers\FileHandler->__construct(Object(Config\Session), '127.0.0.1')
 4 SYSTEMPATH\Config\BaseService.php(312): CodeIgniter\Config\Services::session(Object(Config\Session), false)
 5 SYSTEMPATH\Config\BaseService.php(251): CodeIgniter\Config\BaseService::__callStatic('session', [...])
 6 SYSTEMPATH\Config\Services.php(668): CodeIgniter\Config\BaseService::getSharedInstance('session', null)
 7 SYSTEMPATH\Config\BaseService.php(321): CodeIgniter\Config\Services::session()
 8 SYSTEMPATH\Config\BaseService.php(202): CodeIgniter\Config\BaseService::__callStatic('session', [])
 9 SYSTEMPATH\Common.php(998): CodeIgniter\Config\BaseService::get('session')
10 SYSTEMPATH\Common.php(971): service('session')
11 APPPATH\Controllers\Pages.php(22): session()
12 SYSTEMPATH\CodeIgniter.php(903): App\Controllers\Pages->__construct()
13 SYSTEMPATH\CodeIgniter.php(500): CodeIgniter\CodeIgniter->createController()
14 SYSTEMPATH\CodeIgniter.php(355): CodeIgniter\CodeIgniter->handleRequest(null, Object(Config\Cache), false)
15 SYSTEMPATH\Boot.php(325): CodeIgniter\CodeIgniter->run()
16 SYSTEMPATH\Boot.php(67): CodeIgniter\Boot::runCodeIgniter(Object(CodeIgniter\CodeIgniter))
17 FCPATH\index.php(56): CodeIgniter\Boot::bootWeb(Object(Config\Paths))
18 SYSTEMPATH\rewrite.php(44): require_once('C:\\Users\\suluh\\Documents\\GitHub\\sagara\\ci4\\public\\index.php')
WARNING - 2026-09-06 23:54:42 --> [DEPRECATED] Return type of CodeIgniter\I18n\Time::createFromTimestamp(int|float $timestamp, $timezone = null, ?string $locale = null) should either be compatible with DateTimeImmutable::createFromTimestamp(int|float $timestamp): static, or the #[\ReturnTypeWillChange] attribute should be used to temporarily suppress the notice in SYSTEMPATH\I18n\TimeTrait.php on line 268.
 1 VENDORPATH\composer\ClassLoader.php(576): include('C:\\Users\\suluh\\Documents\\GitHub\\sagara\\ci4\\vendor\\codeigniter4\\framework\\system\\I18n\\Time.php')
 2 VENDORPATH\composer\ClassLoader.php(427): {closure:Composer\Autoload\ClassLoader::initializeIncludeClosure():575}('C:\\Users\\suluh\\Documents\\GitHub\\sagara\\ci4\\vendor\\composer/../codeigniter4/framework/system/I18n/Time.php')
 3 SYSTEMPATH\Session\Session.php(193): Composer\Autoload\ClassLoader->loadClass('CodeIgniter\\I18n\\Time')
 4 SYSTEMPATH\Config\Services.php(700): CodeIgniter\Session\Session->__construct(Object(CodeIgniter\Session\Handlers\FileHandler), Object(Config\Session))
 5 SYSTEMPATH\Config\BaseService.php(312): CodeIgniter\Config\Services::session(Object(Config\Session), false)
 6 SYSTEMPATH\Config\BaseService.php(251): CodeIgniter\Config\BaseService::__callStatic('session', [...])
 7 SYSTEMPATH\Config\Services.php(668): CodeIgniter\Config\BaseService::getSharedInstance('session', null)
 8 SYSTEMPATH\Config\BaseService.php(321): CodeIgniter\Config\Services::session()
 9 SYSTEMPATH\Config\BaseService.php(202): CodeIgniter\Config\BaseService::__callStatic('session', [])
10 SYSTEMPATH\Common.php(998): CodeIgniter\Config\BaseService::get('session')
11 SYSTEMPATH\Common.php(971): service('session')
12 APPPATH\Controllers\Pages.php(22): session()
13 SYSTEMPATH\CodeIgniter.php(903): App\Controllers\Pages->__construct()
14 SYSTEMPATH\CodeIgniter.php(500): CodeIgniter\CodeIgniter->createController()
15 SYSTEMPATH\CodeIgniter.php(355): CodeIgniter\CodeIgniter->handleRequest(null, Object(Config\Cache), false)
16 SYSTEMPATH\Boot.php(325): CodeIgniter\CodeIgniter->run()
17 SYSTEMPATH\Boot.php(67): CodeIgniter\Boot::runCodeIgniter(Object(CodeIgniter\CodeIgniter))
18 FCPATH\index.php(56): CodeIgniter\Boot::bootWeb(Object(Config\Paths))
19 SYSTEMPATH\rewrite.php(44): require_once('C:\\Users\\suluh\\Documents\\GitHub\\sagara\\ci4\\public\\index.php')
INFO - 2026-09-06 23:54:42 --> Session: Class initialized using 'CodeIgniter\Session\Handlers\FileHandler' driver.
WARNING - 2026-09-06 23:54:44 --> [DEPRECATED] ini_set(): session.sid_length INI setting is deprecated in SYSTEMPATH\Session\Handlers\FileHandler.php on line 321.
 1 SYSTEMPATH\Session\Handlers\FileHandler.php(321): ini_set('session.sid_length', '40')
 2 SYSTEMPATH\Session\Handlers\FileHandler.php(85): CodeIgniter\Session\Handlers\FileHandler->configureSessionIDRegex()
 3 SYSTEMPATH\Config\Services.php(697): CodeIgniter\Session\Handlers\FileHandler->__construct(Object(Config\Session), '127.0.0.1')
 4 SYSTEMPATH\Config\BaseService.php(312): CodeIgniter\Config\Services::session(Object(Config\Session), false)
 5 SYSTEMPATH\Config\BaseService.php(251): CodeIgniter\Config\BaseService::__callStatic('session', [...])
 6 SYSTEMPATH\Config\Services.php(668): CodeIgniter\Config\BaseService::getSharedInstance('session', null)
 7 SYSTEMPATH\Config\BaseService.php(321): CodeIgniter\Config\Services::session()
 8 SYSTEMPATH\Config\BaseService.php(202): CodeIgniter\Config\BaseService::__callStatic('session', [])
 9 SYSTEMPATH\Common.php(998): CodeIgniter\Config\BaseService::get('session')
10 SYSTEMPATH\Common.php(971): service('session')
11 APPPATH\Controllers\Admin.php(21): session()
12 SYSTEMPATH\CodeIgniter.php(903): App\Controllers\Admin->__construct()
13 SYSTEMPATH\CodeIgniter.php(500): CodeIgniter\CodeIgniter->createController()
14 SYSTEMPATH\CodeIgniter.php(355): CodeIgniter\CodeIgniter->handleRequest(null, Object(Config\Cache), false)
15 SYSTEMPATH\Boot.php(325): CodeIgniter\CodeIgniter->run()
16 SYSTEMPATH\Boot.php(67): CodeIgniter\Boot::runCodeIgniter(Object(CodeIgniter\CodeIgniter))
17 FCPATH\index.php(56): CodeIgniter\Boot::bootWeb(Object(Config\Paths))
18 SYSTEMPATH\rewrite.php(44): require_once('C:\\Users\\suluh\\Documents\\GitHub\\sagara\\ci4\\public\\index.php')
WARNING - 2026-09-06 23:54:44 --> [DEPRECATED] Return type of CodeIgniter\I18n\Time::createFromTimestamp(int|float $timestamp, $timezone = null, ?string $locale = null) should either be compatible with DateTimeImmutable::createFromTimestamp(int|float $timestamp): static, or the #[\ReturnTypeWillChange] attribute should be used to temporarily suppress the notice in SYSTEMPATH\I18n\TimeTrait.php on line 268.
 1 VENDORPATH\composer\ClassLoader.php(576): include('C:\\Users\\suluh\\Documents\\GitHub\\sagara\\ci4\\vendor\\codeigniter4\\framework\\system\\I18n\\Time.php')
 2 VENDORPATH\composer\ClassLoader.php(427): {closure:Composer\Autoload\ClassLoader::initializeIncludeClosure():575}('C:\\Users\\suluh\\Documents\\GitHub\\sagara\\ci4\\vendor\\composer/../codeigniter4/framework/system/I18n/Time.php')
 3 SYSTEMPATH\Session\Session.php(193): Composer\Autoload\ClassLoader->loadClass('CodeIgniter\\I18n\\Time')
 4 SYSTEMPATH\Config\Services.php(700): CodeIgniter\Session\Session->__construct(Object(CodeIgniter\Session\Handlers\FileHandler), Object(Config\Session))
 5 SYSTEMPATH\Config\BaseService.php(312): CodeIgniter\Config\Services::session(Object(Config\Session), false)
 6 SYSTEMPATH\Config\BaseService.php(251): CodeIgniter\Config\BaseService::__callStatic('session', [...])
 7 SYSTEMPATH\Config\Services.php(668): CodeIgniter\Config\BaseService::getSharedInstance('session', null)
 8 SYSTEMPATH\Config\BaseService.php(321): CodeIgniter\Config\Services::session()
 9 SYSTEMPATH\Config\BaseService.php(202): CodeIgniter\Config\BaseService::__callStatic('session', [])
10 SYSTEMPATH\Common.php(998): CodeIgniter\Config\BaseService::get('session')
11 SYSTEMPATH\Common.php(971): service('session')
12 APPPATH\Controllers\Admin.php(21): session()
13 SYSTEMPATH\CodeIgniter.php(903): App\Controllers\Admin->__construct()
14 SYSTEMPATH\CodeIgniter.php(500): CodeIgniter\CodeIgniter->createController()
15 SYSTEMPATH\CodeIgniter.php(355): CodeIgniter\CodeIgniter->handleRequest(null, Object(Config\Cache), false)
16 SYSTEMPATH\Boot.php(325): CodeIgniter\CodeIgniter->run()
17 SYSTEMPATH\Boot.php(67): CodeIgniter\Boot::runCodeIgniter(Object(CodeIgniter\CodeIgniter))
18 FCPATH\index.php(56): CodeIgniter\Boot::bootWeb(Object(Config\Paths))
19 SYSTEMPATH\rewrite.php(44): require_once('C:\\Users\\suluh\\Documents\\GitHub\\sagara\\ci4\\public\\index.php')
INFO - 2026-09-06 23:54:44 --> Session: Class initialized using 'CodeIgniter\Session\Handlers\FileHandler' driver.
WARNING - 2026-09-06 23:54:46 --> [DEPRECATED] ini_set(): session.sid_length INI setting is deprecated in SYSTEMPATH\Session\Handlers\FileHandler.php on line 321.
 1 SYSTEMPATH\Session\Handlers\FileHandler.php(321): ini_set('session.sid_length', '40')
 2 SYSTEMPATH\Session\Handlers\FileHandler.php(85): CodeIgniter\Session\Handlers\FileHandler->configureSessionIDRegex()
 3 SYSTEMPATH\Config\Services.php(697): CodeIgniter\Session\Handlers\FileHandler->__construct(Object(Config\Session), '127.0.0.1')
 4 SYSTEMPATH\Config\BaseService.php(312): CodeIgniter\Config\Services::session(Object(Config\Session), false)
 5 SYSTEMPATH\Config\BaseService.php(251): CodeIgniter\Config\BaseService::__callStatic('session', [...])
 6 SYSTEMPATH\Config\Services.php(668): CodeIgniter\Config\BaseService::getSharedInstance('session', null)
 7 SYSTEMPATH\Config\BaseService.php(321): CodeIgniter\Config\Services::session()
 8 SYSTEMPATH\Config\BaseService.php(202): CodeIgniter\Config\BaseService::__callStatic('session', [])
 9 SYSTEMPATH\Common.php(998): CodeIgniter\Config\BaseService::get('session')
10 SYSTEMPATH\Common.php(971): service('session')
11 APPPATH\Controllers\Login.php(25): session()
12 SYSTEMPATH\CodeIgniter.php(903): App\Controllers\Login->__construct()
13 SYSTEMPATH\CodeIgniter.php(500): CodeIgniter\CodeIgniter->createController()
14 SYSTEMPATH\CodeIgniter.php(355): CodeIgniter\CodeIgniter->handleRequest(null, Object(Config\Cache), false)
15 SYSTEMPATH\Boot.php(325): CodeIgniter\CodeIgniter->run()
16 SYSTEMPATH\Boot.php(67): CodeIgniter\Boot::runCodeIgniter(Object(CodeIgniter\CodeIgniter))
17 FCPATH\index.php(56): CodeIgniter\Boot::bootWeb(Object(Config\Paths))
18 SYSTEMPATH\rewrite.php(44): require_once('C:\\Users\\suluh\\Documents\\GitHub\\sagara\\ci4\\public\\index.php')
WARNING - 2026-09-06 23:54:46 --> [DEPRECATED] Return type of CodeIgniter\I18n\Time::createFromTimestamp(int|float $timestamp, $timezone = null, ?string $locale = null) should either be compatible with DateTimeImmutable::createFromTimestamp(int|float $timestamp): static, or the #[\ReturnTypeWillChange] attribute should be used to temporarily suppress the notice in SYSTEMPATH\I18n\TimeTrait.php on line 268.
 1 VENDORPATH\composer\ClassLoader.php(576): include('C:\\Users\\suluh\\Documents\\GitHub\\sagara\\ci4\\vendor\\codeigniter4\\framework\\system\\I18n\\Time.php')
 2 VENDORPATH\composer\ClassLoader.php(427): {closure:Composer\Autoload\ClassLoader::initializeIncludeClosure():575}('C:\\Users\\suluh\\Documents\\GitHub\\sagara\\ci4\\vendor\\composer/../codeigniter4/framework/system/I18n/Time.php')
 3 SYSTEMPATH\Session\Session.php(193): Composer\Autoload\ClassLoader->loadClass('CodeIgniter\\I18n\\Time')
 4 SYSTEMPATH\Config\Services.php(700): CodeIgniter\Session\Session->__construct(Object(CodeIgniter\Session\Handlers\FileHandler), Object(Config\Session))
 5 SYSTEMPATH\Config\BaseService.php(312): CodeIgniter\Config\Services::session(Object(Config\Session), false)
 6 SYSTEMPATH\Config\BaseService.php(251): CodeIgniter\Config\BaseService::__callStatic('session', [...])
 7 SYSTEMPATH\Config\Services.php(668): CodeIgniter\Config\BaseService::getSharedInstance('session', null)
 8 SYSTEMPATH\Config\BaseService.php(321): CodeIgniter\Config\Services::session()
 9 SYSTEMPATH\Config\BaseService.php(202): CodeIgniter\Config\BaseService::__callStatic('session', [])
10 SYSTEMPATH\Common.php(998): CodeIgniter\Config\BaseService::get('session')
11 SYSTEMPATH\Common.php(971): service('session')
12 APPPATH\Controllers\Login.php(25): session()
13 SYSTEMPATH\CodeIgniter.php(903): App\Controllers\Login->__construct()
14 SYSTEMPATH\CodeIgniter.php(500): CodeIgniter\CodeIgniter->createController()
15 SYSTEMPATH\CodeIgniter.php(355): CodeIgniter\CodeIgniter->handleRequest(null, Object(Config\Cache), false)
16 SYSTEMPATH\Boot.php(325): CodeIgniter\CodeIgniter->run()
17 SYSTEMPATH\Boot.php(67): CodeIgniter\Boot::runCodeIgniter(Object(CodeIgniter\CodeIgniter))
18 FCPATH\index.php(56): CodeIgniter\Boot::bootWeb(Object(Config\Paths))
19 SYSTEMPATH\rewrite.php(44): require_once('C:\\Users\\suluh\\Documents\\GitHub\\sagara\\ci4\\public\\index.php')
INFO - 2026-09-06 23:54:46 --> Session: Class initialized using 'CodeIgniter\Session\Handlers\FileHandler' driver.
WARNING - 2026-09-06 23:54:46 --> [DEPRECATED] Google\Auth\OAuth2::generateCredentialsRequest(): Implicitly marking parameter $httpHandler as nullable is deprecated, the explicit nullable type must be used instead in VENDORPATH\google\auth\src\OAuth2.php on line 589.
 1 VENDORPATH\composer\ClassLoader.php(576): include('C:\\Users\\suluh\\Documents\\GitHub\\sagara\\ci4\\vendor\\codeigniter4\\framework\\system\\Debug\\Exceptions.php')
 2 VENDORPATH\composer\ClassLoader.php(427): {closure:Composer\Autoload\ClassLoader::initializeIncludeClosure():575}('C:\\Users\\suluh\\Documents\\GitHub\\sagara\\ci4\\vendor\\composer/../google/auth/src/OAuth2.php')
 3 VENDORPATH\google\apiclient\src\Client.php(1118): Composer\Autoload\ClassLoader->loadClass('Google\\Auth\\OAuth2')
 4 VENDORPATH\google\apiclient\src\Client.php(1107): Google\Client->createOAuth2Service()
 5 VENDORPATH\google\apiclient\src\Client.php(445): Google\Client->getOAuth2Service()
 6 APPPATH\Controllers\Login.php(181): Google\Client->createAuthUrl()
 7 SYSTEMPATH\CodeIgniter.php(933): App\Controllers\Login->index()
 8 SYSTEMPATH\CodeIgniter.php(509): CodeIgniter\CodeIgniter->runController(Object(App\Controllers\Login))
 9 SYSTEMPATH\CodeIgniter.php(355): CodeIgniter\CodeIgniter->handleRequest(null, Object(Config\Cache), false)
10 SYSTEMPATH\Boot.php(325): CodeIgniter\CodeIgniter->run()
11 SYSTEMPATH\Boot.php(67): CodeIgniter\Boot::runCodeIgniter(Object(CodeIgniter\CodeIgniter))
12 FCPATH\index.php(56): CodeIgniter\Boot::bootWeb(Object(Config\Paths))
13 SYSTEMPATH\rewrite.php(44): require_once('C:\\Users\\suluh\\Documents\\GitHub\\sagara\\ci4\\public\\index.php')
WARNING - 2026-09-06 23:54:46 --> [DEPRECATED] Google\Auth\OAuth2::fetchAuthToken(): Implicitly marking parameter $httpHandler as nullable is deprecated, the explicit nullable type must be used instead in VENDORPATH\google\auth\src\OAuth2.php on line 669.
 1 VENDORPATH\composer\ClassLoader.php(576): include('C:\\Users\\suluh\\Documents\\GitHub\\sagara\\ci4\\vendor\\codeigniter4\\framework\\system\\Debug\\Exceptions.php')
 2 VENDORPATH\composer\ClassLoader.php(427): {closure:Composer\Autoload\ClassLoader::initializeIncludeClosure():575}('C:\\Users\\suluh\\Documents\\GitHub\\sagara\\ci4\\vendor\\composer/../google/auth/src/OAuth2.php')
 3 VENDORPATH\google\apiclient\src\Client.php(1118): Composer\Autoload\ClassLoader->loadClass('Google\\Auth\\OAuth2')
 4 VENDORPATH\google\apiclient\src\Client.php(1107): Google\Client->createOAuth2Service()
 5 VENDORPATH\google\apiclient\src\Client.php(445): Google\Client->getOAuth2Service()
 6 APPPATH\Controllers\Login.php(181): Google\Client->createAuthUrl()
 7 SYSTEMPATH\CodeIgniter.php(933): App\Controllers\Login->index()
 8 SYSTEMPATH\CodeIgniter.php(509): CodeIgniter\CodeIgniter->runController(Object(App\Controllers\Login))
 9 SYSTEMPATH\CodeIgniter.php(355): CodeIgniter\CodeIgniter->handleRequest(null, Object(Config\Cache), false)
10 SYSTEMPATH\Boot.php(325): CodeIgniter\CodeIgniter->run()
11 SYSTEMPATH\Boot.php(67): CodeIgniter\Boot::runCodeIgniter(Object(CodeIgniter\CodeIgniter))
12 FCPATH\index.php(56): CodeIgniter\Boot::bootWeb(Object(Config\Paths))
13 SYSTEMPATH\rewrite.php(44): require_once('C:\\Users\\suluh\\Documents\\GitHub\\sagara\\ci4\\public\\index.php')
WARNING - 2026-09-06 23:54:46 --> [DEPRECATED] Google\Auth\OAuth2::getClientName(): Implicitly marking parameter $httpHandler as nullable is deprecated, the explicit nullable type must be used instead in VENDORPATH\google\auth\src\OAuth2.php on line 1690.
 1 VENDORPATH\composer\ClassLoader.php(576): include('C:\\Users\\suluh\\Documents\\GitHub\\sagara\\ci4\\vendor\\codeigniter4\\framework\\system\\Debug\\Exceptions.php')
 2 VENDORPATH\composer\ClassLoader.php(427): {closure:Composer\Autoload\ClassLoader::initializeIncludeClosure():575}('C:\\Users\\suluh\\Documents\\GitHub\\sagara\\ci4\\vendor\\composer/../google/auth/src/OAuth2.php')
 3 VENDORPATH\google\apiclient\src\Client.php(1118): Composer\Autoload\ClassLoader->loadClass('Google\\Auth\\OAuth2')
 4 VENDORPATH\google\apiclient\src\Client.php(1107): Google\Client->createOAuth2Service()
 5 VENDORPATH\google\apiclient\src\Client.php(445): Google\Client->getOAuth2Service()
 6 APPPATH\Controllers\Login.php(181): Google\Client->createAuthUrl()
 7 SYSTEMPATH\CodeIgniter.php(933): App\Controllers\Login->index()
 8 SYSTEMPATH\CodeIgniter.php(509): CodeIgniter\CodeIgniter->runController(Object(App\Controllers\Login))
 9 SYSTEMPATH\CodeIgniter.php(355): CodeIgniter\CodeIgniter->handleRequest(null, Object(Config\Cache), false)
10 SYSTEMPATH\Boot.php(325): CodeIgniter\CodeIgniter->run()
11 SYSTEMPATH\Boot.php(67): CodeIgniter\Boot::runCodeIgniter(Object(CodeIgniter\CodeIgniter))
12 FCPATH\index.php(56): CodeIgniter\Boot::bootWeb(Object(Config\Paths))
13 SYSTEMPATH\rewrite.php(44): require_once('C:\\Users\\suluh\\Documents\\GitHub\\sagara\\ci4\\public\\index.php')
WARNING - 2026-09-06 23:54:46 --> [DEPRECATED] Google\Auth\FetchAuthTokenInterface::fetchAuthToken(): Implicitly marking parameter $httpHandler as nullable is deprecated, the explicit nullable type must be used instead in VENDORPATH\google\auth\src\FetchAuthTokenInterface.php on line 31.
 1 VENDORPATH\composer\ClassLoader.php(576): include('C:\\Users\\suluh\\Documents\\GitHub\\sagara\\ci4\\vendor\\codeigniter4\\framework\\system\\Debug\\Exceptions.php')
 2 VENDORPATH\composer\ClassLoader.php(427): {closure:Composer\Autoload\ClassLoader::initializeIncludeClosure():575}('C:\\Users\\suluh\\Documents\\GitHub\\sagara\\ci4\\vendor\\composer/../google/auth/src/FetchAuthTokenInterface.php')
 3 VENDORPATH\google\auth\src\OAuth2.php(39): Composer\Autoload\ClassLoader->loadClass('Google\\Auth\\FetchAuthTokenInterface')
 4 VENDORPATH\composer\ClassLoader.php(576): include('C:\\Users\\suluh\\Documents\\GitHub\\sagara\\ci4\\vendor\\google\\auth\\src\\OAuth2.php')
 5 VENDORPATH\composer\ClassLoader.php(427): {closure:Composer\Autoload\ClassLoader::initializeIncludeClosure():575}('C:\\Users\\suluh\\Documents\\GitHub\\sagara\\ci4\\vendor\\composer/../google/auth/src/OAuth2.php')
 6 VENDORPATH\google\apiclient\src\Client.php(1118): Composer\Autoload\ClassLoader->loadClass('Google\\Auth\\OAuth2')
 7 VENDORPATH\google\apiclient\src\Client.php(1107): Google\Client->createOAuth2Service()
 8 VENDORPATH\google\apiclient\src\Client.php(445): Google\Client->getOAuth2Service()
 9 APPPATH\Controllers\Login.php(181): Google\Client->createAuthUrl()
10 SYSTEMPATH\CodeIgniter.php(933): App\Controllers\Login->index()
11 SYSTEMPATH\CodeIgniter.php(509): CodeIgniter\CodeIgniter->runController(Object(App\Controllers\Login))
12 SYSTEMPATH\CodeIgniter.php(355): CodeIgniter\CodeIgniter->handleRequest(null, Object(Config\Cache), false)
13 SYSTEMPATH\Boot.php(325): CodeIgniter\CodeIgniter->run()
14 SYSTEMPATH\Boot.php(67): CodeIgniter\Boot::runCodeIgniter(Object(CodeIgniter\CodeIgniter))
15 FCPATH\index.php(56): CodeIgniter\Boot::bootWeb(Object(Config\Paths))
16 SYSTEMPATH\rewrite.php(44): require_once('C:\\Users\\suluh\\Documents\\GitHub\\sagara\\ci4\\public\\index.php')
WARNING - 2026-09-06 23:54:48 --> [DEPRECATED] ini_set(): session.sid_length INI setting is deprecated in SYSTEMPATH\Session\Handlers\FileHandler.php on line 321.
 1 SYSTEMPATH\Session\Handlers\FileHandler.php(321): ini_set('session.sid_length', '40')
 2 SYSTEMPATH\Session\Handlers\FileHandler.php(85): CodeIgniter\Session\Handlers\FileHandler->configureSessionIDRegex()
 3 SYSTEMPATH\Config\Services.php(697): CodeIgniter\Session\Handlers\FileHandler->__construct(Object(Config\Session), '127.0.0.1')
 4 SYSTEMPATH\Config\BaseService.php(312): CodeIgniter\Config\Services::session(Object(Config\Session), false)
 5 SYSTEMPATH\Config\BaseService.php(251): CodeIgniter\Config\BaseService::__callStatic('session', [...])
 6 SYSTEMPATH\Config\Services.php(668): CodeIgniter\Config\BaseService::getSharedInstance('session', null)
 7 SYSTEMPATH\Config\BaseService.php(321): CodeIgniter\Config\Services::session()
 8 SYSTEMPATH\Config\BaseService.php(202): CodeIgniter\Config\BaseService::__callStatic('session', [])
 9 SYSTEMPATH\Common.php(998): CodeIgniter\Config\BaseService::get('session')
10 SYSTEMPATH\Common.php(971): service('session')
11 APPPATH\Controllers\Product.php(22): session()
12 SYSTEMPATH\CodeIgniter.php(903): App\Controllers\Product->__construct()
13 SYSTEMPATH\CodeIgniter.php(500): CodeIgniter\CodeIgniter->createController()
14 SYSTEMPATH\CodeIgniter.php(355): CodeIgniter\CodeIgniter->handleRequest(null, Object(Config\Cache), false)
15 SYSTEMPATH\Boot.php(325): CodeIgniter\CodeIgniter->run()
16 SYSTEMPATH\Boot.php(67): CodeIgniter\Boot::runCodeIgniter(Object(CodeIgniter\CodeIgniter))
17 FCPATH\index.php(56): CodeIgniter\Boot::bootWeb(Object(Config\Paths))
18 SYSTEMPATH\rewrite.php(44): require_once('C:\\Users\\suluh\\Documents\\GitHub\\sagara\\ci4\\public\\index.php')
WARNING - 2026-09-06 23:54:48 --> [DEPRECATED] Return type of CodeIgniter\I18n\Time::createFromTimestamp(int|float $timestamp, $timezone = null, ?string $locale = null) should either be compatible with DateTimeImmutable::createFromTimestamp(int|float $timestamp): static, or the #[\ReturnTypeWillChange] attribute should be used to temporarily suppress the notice in SYSTEMPATH\I18n\TimeTrait.php on line 268.
 1 VENDORPATH\composer\ClassLoader.php(576): include('C:\\Users\\suluh\\Documents\\GitHub\\sagara\\ci4\\vendor\\codeigniter4\\framework\\system\\I18n\\Time.php')
 2 VENDORPATH\composer\ClassLoader.php(427): {closure:Composer\Autoload\ClassLoader::initializeIncludeClosure():575}('C:\\Users\\suluh\\Documents\\GitHub\\sagara\\ci4\\vendor\\composer/../codeigniter4/framework/system/I18n/Time.php')
 3 SYSTEMPATH\Session\Session.php(193): Composer\Autoload\ClassLoader->loadClass('CodeIgniter\\I18n\\Time')
 4 SYSTEMPATH\Config\Services.php(700): CodeIgniter\Session\Session->__construct(Object(CodeIgniter\Session\Handlers\FileHandler), Object(Config\Session))
 5 SYSTEMPATH\Config\BaseService.php(312): CodeIgniter\Config\Services::session(Object(Config\Session), false)
 6 SYSTEMPATH\Config\BaseService.php(251): CodeIgniter\Config\BaseService::__callStatic('session', [...])
 7 SYSTEMPATH\Config\Services.php(668): CodeIgniter\Config\BaseService::getSharedInstance('session', null)
 8 SYSTEMPATH\Config\BaseService.php(321): CodeIgniter\Config\Services::session()
 9 SYSTEMPATH\Config\BaseService.php(202): CodeIgniter\Config\BaseService::__callStatic('session', [])
10 SYSTEMPATH\Common.php(998): CodeIgniter\Config\BaseService::get('session')
11 SYSTEMPATH\Common.php(971): service('session')
12 APPPATH\Controllers\Product.php(22): session()
13 SYSTEMPATH\CodeIgniter.php(903): App\Controllers\Product->__construct()
14 SYSTEMPATH\CodeIgniter.php(500): CodeIgniter\CodeIgniter->createController()
15 SYSTEMPATH\CodeIgniter.php(355): CodeIgniter\CodeIgniter->handleRequest(null, Object(Config\Cache), false)
16 SYSTEMPATH\Boot.php(325): CodeIgniter\CodeIgniter->run()
17 SYSTEMPATH\Boot.php(67): CodeIgniter\Boot::runCodeIgniter(Object(CodeIgniter\CodeIgniter))
18 FCPATH\index.php(56): CodeIgniter\Boot::bootWeb(Object(Config\Paths))
19 SYSTEMPATH\rewrite.php(44): require_once('C:\\Users\\suluh\\Documents\\GitHub\\sagara\\ci4\\public\\index.php')
INFO - 2026-09-06 23:54:48 --> Session: Class initialized using 'CodeIgniter\Session\Handlers\FileHandler' driver.
WARNING - 2026-09-06 23:55:11 --> [DEPRECATED] Return type of CodeIgniter\I18n\Time::createFromTimestamp(int|float $timestamp, $timezone = null, ?string $locale = null) should either be compatible with DateTimeImmutable::createFromTimestamp(int|float $timestamp): static, or the #[\ReturnTypeWillChange] attribute should be used to temporarily suppress the notice in SYSTEMPATH\I18n\TimeTrait.php on line 268.
 1 VENDORPATH\composer\ClassLoader.php(576): include('C:\\Users\\suluh\\Documents\\GitHub\\sagara\\ci4\\vendor\\codeigniter4\\framework\\system\\I18n\\Time.php')
 2 VENDORPATH\composer\ClassLoader.php(427): {closure:Composer\Autoload\ClassLoader::initializeIncludeClosure():575}('C:\\Users\\suluh\\Documents\\GitHub\\sagara\\ci4\\vendor\\composer/../codeigniter4/framework/system/I18n/Time.php')
 3 SYSTEMPATH\Debug\Toolbar\Collectors\Database.php(196): Composer\Autoload\ClassLoader->loadClass('CodeIgniter\\I18n\\Time')
 4 [internal function]: CodeIgniter\Debug\Toolbar\Collectors\Database::{closure:CodeIgniter\Debug\Toolbar\Collectors\Database::display():151}([...])
 5 SYSTEMPATH\Debug\Toolbar\Collectors\Database.php(151): array_map(Object(Closure), [...])
 6 SYSTEMPATH\Debug\Toolbar\Collectors\BaseCollector.php(228): CodeIgniter\Debug\Toolbar\Collectors\Database->display()
 7 SYSTEMPATH\Debug\Toolbar.php(96): CodeIgniter\Debug\Toolbar\Collectors\BaseCollector->getAsArray()
 8 SYSTEMPATH\Debug\Toolbar.php(391): CodeIgniter\Debug\Toolbar->run(1788713711.382068, 0.0493, Object(CodeIgniter\HTTP\IncomingRequest), Object(CodeIgniter\HTTP\Response))
 9 SYSTEMPATH\Filters\DebugToolbar.php(43): CodeIgniter\Debug\Toolbar->prepare(Object(CodeIgniter\HTTP\IncomingRequest), Object(CodeIgniter\HTTP\Response))
10 SYSTEMPATH\Filters\Filters.php(241): CodeIgniter\Filters\DebugToolbar->after(Object(CodeIgniter\HTTP\IncomingRequest), Object(CodeIgniter\HTTP\Response), null)
11 SYSTEMPATH\Filters\Filters.php(291): CodeIgniter\Filters\Filters->runAfter([...])
12 SYSTEMPATH\CodeIgniter.php(409): CodeIgniter\Filters\Filters->runRequired('after')
13 SYSTEMPATH\CodeIgniter.php(372): CodeIgniter\CodeIgniter->runRequiredAfterFilters(Object(CodeIgniter\Filters\Filters))
14 SYSTEMPATH\Boot.php(325): CodeIgniter\CodeIgniter->run()
15 SYSTEMPATH\Boot.php(67): CodeIgniter\Boot::runCodeIgniter(Object(CodeIgniter\CodeIgniter))
16 FCPATH\index.php(56): CodeIgniter\Boot::bootWeb(Object(Config\Paths))
17 SYSTEMPATH\rewrite.php(44): require_once('C:\\Users\\suluh\\Documents\\GitHub\\sagara\\ci4\\public\\index.php')
